// Jest Snapshot v1, https://goo.gl/fbAQLP

exports[`should support rendering to a string 1`] = `"<div data-rbd-droppable-id=\\"drop-1\\" data-rbd-droppable-context-id=\\"0\\"><div data-rbd-draggable-context-id=\\"0\\" data-rbd-draggable-id=\\"drag-1\\" tabindex=\\"0\\" data-rbd-drag-handle-draggable-id=\\"drag-1\\" data-rbd-drag-handle-context-id=\\"0\\" aria-labelledby=\\"rbd-lift-instruction-0\\" draggable=\\"false\\">Drag me!</div></div>"`;

exports[`should support rendering to static markup 1`] = `"<div data-rbd-droppable-id=\\"drop-1\\" data-rbd-droppable-context-id=\\"0\\"><div data-rbd-draggable-context-id=\\"0\\" data-rbd-draggable-id=\\"drag-1\\" tabindex=\\"0\\" data-rbd-drag-handle-draggable-id=\\"drag-1\\" data-rbd-drag-handle-context-id=\\"0\\" aria-labelledby=\\"rbd-lift-instruction-0\\" draggable=\\"false\\">Drag me!</div></div>"`;
